============================= test session starts ==============================
platform darwin -- Python 3.11.16, pytest-9.1.1, pluggy-1.6.0 -- /Users/dd/WEBSITE-AUDITOR/.venv/bin/python
cachedir: .pytest_cache
rootdir: /Users/dd/WEBSITE-AUDITOR
configfile: pyproject.toml
plugins: asyncio-1.4.0, anyio-4.15.1
asyncio: mode=Mode.STRICT, debug=False, asyncio_default_fixture_loop_scope=None, asyncio_default_test_loop_scope=function
collecting ... collected 1 item

toolkit_tests/test_p4_hygiene.py::test_pipeline_includes_hygiene_ux_and_links DEBUG: checks= {'fetch': {'status': 'ok', 'required': True}, 'page': {'status': 'ok', 'required': True, 'elapsed_ms': 2}, 'schema': {'status': 'ok', 'required': True, 'elapsed_ms': 17}, 'headers': {'status': 'ok', 'required': True, 'elapsed_ms': 0}, 'hygiene': {'status': 'ok', 'required': True, 'elapsed_ms': 188}, 'ux': {'status': 'ok', 'required': True, 'elapsed_ms': 1}, 'links': {'status': 'ok', 'required': True, 'elapsed_ms': 302}, 'tls': {'status': 'skipped', 'reason': 'Not requested', 'required': False}, 'dns': {'status': 'error', 'reason': 'DNS unavailable for example.com:A: All nameservers failed to answer the query example.com. IN A: Server Do53:192.168.1.254@53 answered [Errno 1] Operation not permitted', 'required': True, 'elapsed_ms': 95}, 'crawl': {'status': 'ok', 'required': True, 'elapsed_ms': 214}, 'browser': {'status': 'skipped', 'reason': 'Disabled in selected audit profile', 'required': False}, 'axe': {'status': 'skipped', 'reason': 'Rendered mode required', 'required': False}, 'pdf': {'status': 'skipped', 'reason': 'Rendered mode required', 'required': False}}
FAILED

=================================== FAILURES ===================================
_________________ test_pipeline_includes_hygiene_ux_and_links __________________

tmp_path = PosixPath('/private/tmp/claude-501/pytest-of-dd/pytest-6/test_pipeline_includes_hygiene0')
monkeypatch = <_pytest.monkeypatch.MonkeyPatch object at 0x10c0f05d0>

    def test_pipeline_includes_hygiene_ux_and_links(tmp_path, monkeypatch):
        from auditor_toolkit.pipeline import AuditOptions, run_audit
    
        routes = {
            "/": (200, PAGE),
            "/robots.txt": (404, "nope"),
            "/sitemap.xml": (404, "nope"),
            "/contact": (200, "ok"),
            "/missing-page": (404, "nf"),
            "/gone": (200, "ok"),
        }
        fetcher = make_fetcher(routes, monkeypatch)
        report = run_audit("https://example.com/", AuditOptions(output_root=tmp_path, deep=True), fetcher)
>       assert report["status"] == "complete"
E       AssertionError: assert 'partial' == 'complete'
E         
E         - complete
E         + partial

toolkit_tests/test_p4_hygiene.py:176: AssertionError
=========================== short test summary info ============================
FAILED toolkit_tests/test_p4_hygiene.py::test_pipeline_includes_hygiene_ux_and_links
============================== 1 failed in 1.17s ===============================
